INFO: [VRFC 10-2263] Analyzing Verilog file "C:/Vivado_Projects/MIPS_32bits_Pipeline/MIPS_32bits_Pipeline.srcs/sources_1/new/ALU_32bit.v" into library xil_defaultlib
INFO: [VRFC 10-311] analyzing module alu
INFO: [VRFC 10-311] analyzing module alu1bit
INFO: [VRFC 10-311] analyzing module addsub
INFO: [VRFC 10-311] analyzing module adder
INFO: [VRFC 10-311] analyzing module mux21
INFO: [VRFC 10-2263] Analyzing Verilog file "C:/Vivado_Projects/MIPS_32bits_Pipeline/MIPS_32bits_Pipeline.srcs/sources_1/new/ALU_Control_Unit.v" into library xil_defaultlib
INFO: [VRFC 10-311] analyzing module ALUControl_Block
INFO: [VRFC 10-2263] Analyzing Verilog file "C:/Vivado_Projects/MIPS_32bits_Pipeline/MIPS_32bits_Pipeline.srcs/sources_1/new/Adder_32bit.v" into library xil_defaultlib
INFO: [VRFC 10-311] analyzing module Add
INFO: [VRFC 10-311] analyzing module adder1bit
INFO: [VRFC 10-2263] Analyzing Verilog file "C:/Vivado_Projects/MIPS_32bits_Pipeline/MIPS_32bits_Pipeline.srcs/sources_1/new/Control_Unit.v" into library xil_defaultlib
INFO: [VRFC 10-311] analyzing module Control
INFO: [VRFC 10-2263] Analyzing Verilog file "C:/Vivado_Projects/MIPS_32bits_Pipeline/MIPS_32bits_Pipeline.srcs/sources_1/new/Data_Memory_Unit.v" into library xil_defaultlib
INFO: [VRFC 10-311] analyzing module dataMem
INFO: [VRFC 10-2263] Analyzing Verilog file "C:/Vivado_Projects/MIPS_32bits_Pipeline/MIPS_32bits_Pipeline.srcs/sources_1/new/Flush_Constr_Unit.v" into library xil_defaultlib
INFO: [VRFC 10-311] analyzing module flush_block
INFO: [VRFC 10-311] analyzing module Discard_Instr
INFO: [VRFC 10-2263] Analyzing Verilog file "C:/Vivado_Projects/MIPS_32bits_Pipeline/MIPS_32bits_Pipeline.srcs/sources_1/new/Forwarding_Unit.v" into library xil_defaultlib
INFO: [VRFC 10-311] analyzing module ForwardingUnit
INFO: [VRFC 10-2263] Analyzing Verilog file "C:/Vivado_Projects/MIPS_32bits_Pipeline/MIPS_32bits_Pipeline.srcs/sources_1/new/JR_Control_Unit.v" into library xil_defaultlib
INFO: [VRFC 10-311] analyzing module JRControl_Block
INFO: [VRFC 10-2263] Analyzing Verilog file "C:/Vivado_Projects/MIPS_32bits_Pipeline/MIPS_32bits_Pipeline.srcs/sources_1/new/Mips_Pipeline_top_level.v" into library xil_defaultlib
INFO: [VRFC 10-311] analyzing module MIPSpipeline
INFO: [VRFC 10-2263] Analyzing Verilog file "C:/Vivado_Projects/MIPS_32bits_Pipeline/MIPS_32bits_Pipeline.srcs/sources_1/new/Multiplexer_2to1_32bit_Buses.v" into library xil_defaultlib
INFO: [VRFC 10-311] analyzing module mux2x32to32
INFO: [VRFC 10-2263] Analyzing Verilog file "C:/Vivado_Projects/MIPS_32bits_Pipeline/MIPS_32bits_Pipeline.srcs/sources_1/new/Multiplexer_2to1_5bit_buses.v" into library xil_defaultlib
INFO: [VRFC 10-311] analyzing module mux2x5to5
INFO: [VRFC 10-311] analyzing module mux2_1
INFO: [VRFC 10-2263] Analyzing Verilog file "C:/Vivado_Projects/MIPS_32bits_Pipeline/MIPS_32bits_Pipeline.srcs/sources_1/new/Multiplexer_3to1_32bits.v" into library xil_defaultlib
INFO: [VRFC 10-311] analyzing module mux3x32to32
INFO: [VRFC 10-2263] Analyzing Verilog file "C:/Vivado_Projects/MIPS_32bits_Pipeline/MIPS_32bits_Pipeline.srcs/sources_1/new/Register_file.v" into library xil_defaultlib
INFO: [VRFC 10-311] analyzing module regfile
INFO: [VRFC 10-311] analyzing module D_FF
INFO: [VRFC 10-311] analyzing module RegBit
INFO: [VRFC 10-311] analyzing module register
INFO: [VRFC 10-311] analyzing module decoder
INFO: [VRFC 10-311] analyzing module andmore
INFO: [VRFC 10-311] analyzing module dec5to32
INFO: [VRFC 10-311] analyzing module mux32to1
INFO: [VRFC 10-311] analyzing module mux32x32to32
INFO: [VRFC 10-2263] Analyzing Verilog file "C:/Vivado_Projects/MIPS_32bits_Pipeline/MIPS_32bits_Pipeline.srcs/sources_1/new/Stall_Control_Units.v" into library xil_defaultlib
INFO: [VRFC 10-311] analyzing module StallControl
INFO: [VRFC 10-2263] Analyzing Verilog file "C:/Vivado_Projects/MIPS_32bits_Pipeline/MIPS_32bits_Pipeline.srcs/sources_1/new/WB_Forwarding_Unit.v" into library xil_defaultlib
INFO: [VRFC 10-311] analyzing module WB_forward
INFO: [VRFC 10-311] analyzing module CompareAddress
INFO: [VRFC 10-2263] Analyzing Verilog file "C:/Vivado_Projects/MIPS_32bits_Pipeline/MIPS_32bits_Pipeline.srcs/sources_1/new/Zero_extention.v" into library xil_defaultlib
INFO: [VRFC 10-311] analyzing module zero_extend
INFO: [VRFC 10-2263] Analyzing Verilog file "C:/Vivado_Projects/MIPS_32bits_Pipeline/MIPS_32bits_Pipeline.srcs/sources_1/new/instruction_memory_unit.v" into library xil_defaultlib
INFO: [VRFC 10-311] analyzing module InstructionMem
INFO: [VRFC 10-2263] Analyzing Verilog file "C:/Vivado_Projects/MIPS_32bits_Pipeline/MIPS_32bits_Pipeline.srcs/sources_1/new/signExtension_Shiftbytwo.v" into library xil_defaultlib
INFO: [VRFC 10-311] analyzing module sign_extend
INFO: [VRFC 10-311] analyzing module shift_left_2
INFO: [VRFC 10-2263] Analyzing Verilog file "C:/Vivado_Projects/MIPS_32bits_Pipeline/MIPS_32bits_Pipeline.srcs/sim_1/new/Test_Bench_mips_pipeline.v" into library xil_defaultlib
INFO: [VRFC 10-311] analyzing module MIPSStimulus
